// Jest Snapshot v1, https://goo.gl/fbAQLP

exports[`CreateItemFormUI renders predictably 1`] = `
<form
  className="flex-row"
  onSubmit={[Function]}
>
  <CreateItemInputUI
    className="flex-grow space-after-regular"
    onChange={[Function]}
    value=""
  />
  <CreateItemButtonUI
    className="flex-shrink"
  />
</form>
`;
